  Ôû▓ Next.js 14.2.35
  - Environments: .env.local

   Creating an optimized production build ...
node : request to 
https://fonts.googleapis.com/css2?family=Inter:wght@100..900&display=swap 
failed, reason: Client network socket disconnected before secure TLS 
connection was established
No linha:1 caractere:1
+ node node_modules/next/dist/bin/next build 2>&1 | Out-File -FilePath  ...
+ ~~~~~~~~~~~~~~~~~~~~~~~~~~~~~~~~~~~~~~~~~~~~~~~
    + CategoryInfo          : NotSpecified: (request to http...was established 
   :String) [], RemoteException
    + FullyQualifiedErrorId : NativeCommandError
 

Retrying 1/3...
 Ô£ô Compiled successfully
   Linting and checking validity of types ...
   Collecting page data ...

> Build error occurred
Error: Cannot find module 
'C:\workspace\heuriskein-content-OS\.next\server\middleware-manifest.json'
Require stack:
- C:\workspace\heuriskein-content-OS\node_modules\next\dist\build\index.js
- C:\workspace\heuriskein-content-OS\node_modules\next\dist\cli\next-build.js
    at Module.<anonymous> (node:internal/modules/cjs/loader:1456:15)
    at C:\workspace\heuriskein-content-OS\node_modules\next\dist\server\require
-hook.js:55:36
    at defaultResolveImpl (node:internal/modules/cjs/loader:1066:19)
    at resolveForCJSWithHooks (node:internal/modules/cjs/loader:1071:22)
    at Module._load (node:internal/modules/cjs/loader:1242:25)
    at wrapModuleLoad (node:internal/modules/cjs/loader:255:19)
    at Module.<anonymous> (node:internal/modules/cjs/loader:1556:12)
    at mod.require (C:\workspace\heuriskein-content-OS\node_modules\next\dist\s
erver\require-hook.js:65:28)
    at require (node:internal/modules/helpers:152:16)
    at C:\workspace\heuriskein-content-OS\node_modules\next\dist\build\index.js
:1155:44 {
  code: 'MODULE_NOT_FOUND',
  requireStack: [
    'C:\\workspace\\heuriskein-content-OS\\node_modules\\next\\dist\\build\\ind
ex.js',
    'C:\\workspace\\heuriskein-content-OS\\node_modules\\next\\dist\\cli\\next-
build.js'
  ]
}
